// Jest Snapshot v1, https://goo.gl/fbAQLP

exports[`compiler: v-show transform simple expression 1`] = `
"const _Vue = Vue

return function render() {
  with (this) {
    const { vShow: _vShow, createVNode: _createVNode, withDirectives: _withDirectives, createBlock: _createBlock, openBlock: _openBlock } = _Vue
    
    return (_openBlock(), _withDirectives(_createBlock(\\"div\\", null, null, 32 /* NEED_PATCH */), [
      [_vShow, a]
    ]))
  }
}"
`;
